HI-TECH Software 8051-C Compiler V9.60

Linker command line:

--edf=C:\PROGRA~2\HI-TEC~1\HC51\lite\9.60\dat\en_msgs.txt \
  -h+Z:\project1.sym -z -Q8051AH -ol.obj -MZ:\project1.map -E1 \
  -ver=8051-C#V9.60 -ACODE=00h-0FFFh -pvectors=00h \
  -prbit=0/20h,rbss,rdata/CODE,irdata/CODE,idata/rbss -pbss=XDATA/idata \
  -pdata=CODE+100h -pconst=CODE+100h -pstrings=CODE+100h -pnvram=bss,heap \
  C:\Temp\so5s.obj Z:\main_0.obj \
  C:\PROGRA~2\HI-TEC~1\HC51\lite\9.60\lib\51--nsc.lib 

Object code version is 3.8

Machine type is 8051AH

Call graph:

*start1 size 0,0 offset 0
*    _main size 0,6 offset 0
*        _segment size 0,0 offset 6
*            _pause size 0,1 offset 6
*_on_button size 0,0 offset 7
*    _obrabotka size 0,0 offset 7

		Name          Link     Load   Length Selector Space Scale
C:\Temp\so5s.obj
		vectors          0        0        3       0     0
		text           1A1      1A1       14       0     0
Z:\main_0.obj   rbss            20       20        8      20     1
		text             3        3      180       0     0

C:\PROGRA~2\HI-TEC~1\HC51\lite\9.60\lib\51--nsc.lib
powerup.obj     text           1B5      1B5        3       0     0
mul.obj         text           183      183       1E       0     0

COMMON          rbss            28       28        7      20     1

TOTAL		Name          Link     Load   Length
	CLASS	CODE     
		vectors          0        0        3
		text           1A1      1A1       14
		text             3        3      180
		text           1B5      1B5        3
		text           183      183       1E

	CLASS	DATA     
		rbss            20       20        F

	CLASS	XDATA    

	CLASS	BITSEG   



SEGMENTS	Name		Load	Length	 Top	Selector    Space Class

		vectors         000000	0001B8	0001B8	       0       0  CODE    
		rbit            000020	00000F	00002F	      20       1  BITSEG  


UNUSED ADDRESS RANGES

	CODE             1B8-FFF

                                  Symbol Table

?a_main        rbss    028  ?a_pause       rbss    02E
__Bbss         bss     02F  __Bidata       idata   02F
__Birdata      irdata  003  __Brbit        rbit    020
__Brdata       rdata   003  __Hbss         bss     02F
__Hcode        code    02F  __Hconst       const   100
__Hdata        data    100  __Hheap        heap    02F
__Hidata       idata   02F  __Hirdata      irdata  02F
__Hnvram       nvram   02F  __Hrbit        rbit    000
__Hrbss        rbss    02F  __Hrdata       rdata   02F
__Hstrings     strings 100  __Htext        text    02F
__Hvectors     vectors 003  __Lbss         bss     02F
__Lcode        code    02F  __Lconst       const   100
__Ldata        data    100  __Lheap        heap    02F
__Lidata       idata   02F  __Lirdata      irdata  02F
__Lnvram       nvram   02F  __Lrbit        rbit    000
__Lrbss        rbss    020  __Lrdata       rdata   02F
__Lstrings     strings 100  __Ltext        text    02F
__Lvectors     vectors 000  __S0           (abs)   1B8
_exit          text    1B2  _i             rbss    020
_main          text    0AF  _n             rbss    022
_obrabotka     text    11F  _on_button     text    003
_pausa         rbss    024  _pause         text    057
_segment       text    079  _x             rbss    026
awmul          text    183  intlevel0      (abs)   000
intlevel1      (abs)   000  lwmul          text    183
powerup        text    1B5  small_model    (abs)   001
stack_internal (abs)   001  start          vectors 000
start1         text    1A1  
