

HI-TECH Software 8051 Macro Assembler V9.60                                Page 1
                                                       Wed Jun 04 13:29:48 2025

     1                           	psect	idata,class=DATA,space=1,limit=080h
     2                           	psect	irdata,class=DATA,limit=080h
     3                           	global	_interrupt1
     4                           	signat	_interrupt1,88
     5                           	global	stack_internal
     6                           	psect	text,class=CODE
     7                           	psect	text
     8                           	file	"D:\MS11ws\lera5\9\7\project1\main.c"
     9                           	line	3
    10  00003                     _interrupt1:
    11  00003  80 12              	j	f1411
    12  00005                     f1410:
    13                           ;main.c: 3: interrupt void interrupt1() {
    14                           
    15                           ;main.c: 4: if(P00 == 0)
    16                           
    17                           	line	4
    18  00005  20 80 02           	bb	p0.0, u11
    19  00008  80 02              	jmp	u10
    20  0000A                     u11:
    21  0000A  80 04              	jmp	l3
    22  0000C                     u10:
    23                           ;main.c: 5: P00 = 1;
    24                           
    25                           	line	5
    26  0000C  D2 80              	setb	p0.0
    27  0000E  80 02              	jmp	l4
    28                           	line	6
    29  00010                     l3:
    30                           ;main.c: 6: else
    31                           
    32                           ;main.c: 7: P00 = 0;
    33                           
    34                           	line	7
    35  00010  C2 80              	clr	p0.0
    36  00012                     l4:
    37                           ;main.c: 9: }
    38                           
    39                           	line	9
    40  00012                     l2:
    41                           	FNROOT	_interrupt1
    42  00012  D0 E0              	pop	acc
    43  00014  D0 D0              	pop	psw
    44  00016  32                 	reti
    45  00017                     f1411:
    46  00017  C0 D0              	push	psw
    47  00019  C0 E0              	push	acc
    48  0001B  80 E8              	j	f1410
    49  0000                     f1412	equ	0
    50                           	global	_main
    51                           	signat	_main,88
    52                           	line	12
    53  0001D                     _main:
    54  0001D  80 23              	j	f1421
    55  0001F                     f1420:
    56                           ;main.c: 11: void main()
    57                           
    58                           ;main.c: 12: {
    59                           
    60                           ;main.c: 13: P0 = P1 = P2 = P3 = 0;
    61                           
    62                           	line	13
    63  0001F  74 00              	mov	a,#0
    64  00021  F5 B0              	mov	0B0h,a
    65  00023  F5 A0              	mov	0A0h,a
    66  00025  F5 90              	mov	090h,a
    67  00027  F5 80              	mov	080h,a
    68                           ;main.c: 15: IE_BITS.B0 = 1;
    69                           
    70                           	line	15
    71  00029  D2 A8              	setb	(ie+1-8/8).(8 and 7)
    72                           ;main.c: 16: IE_BITS.B7 = 1;
    73                           
    74                           	line	16
    75  0002B  D2 AF              	setb	(ie+1-15/8).(15 and 7)
    76                           ;main.c: 17: TCON_BITS.B0 = 1;
    77                           
    78                           	line	17
    79  0002D  D2 88              	setb	(tcon+1-8/8).(8 and 7)
    80                           ;main.c: 19: while (1){
    81                           
    82                           	line	19
    83  0002F                     l7:
    84                           ;main.c: 20: P36 = 1;
    85                           
    86                           	line	20
    87  0002F  D2 B6              	setb	p3.6
    88                           ;main.c: 21: P36 = 0;
    89                           
    90                           	line	21
    91  00031  C2 B6              	clr	p3.6
    92                           ;main.c: 22: while (P37 == 1);
    93                           
    94                           	line	22
    95  00033  80 00              	jmp	l9
    96  00035                     l10:
    97  00035                     l9:
    98  00035  20 B7 02           	bb	p3.7, u21
    99  00038  80 02              	jmp	u20
   100  0003A                     u21:
   101  0003A  80 F9              	jmp	l10
   102  0003C                     u20:
   103  0003C                     l11:
   104                           ;main.c: 23: P2 = P1;
   105                           
   106                           	line	23
   107  0003C  85 90 A0           	mov	0A0h,090h
   108                           	line	24
   109  0003F                     l6:
   110                           	line	19
   111  0003F  80 EE              	jmp	l7
   112  00041                     l8:
   113                           ;main.c: 24: }
   114                           
   115                           ;main.c: 25: }
   116                           
   117                           	line	25
   118  00041                     l5:
   119  00041  22                 	ret
   120  00042                     f1421:
   121  00042  80 DB              	j	f1420
   122  0000                     f1422	equ	0
   123  0000                     _A10	equ	162
   124  0000                     _A11	equ	163
   125  0000                     _A12	equ	164
   126  0000                     _A13	equ	165
   127  0000                     _A14	equ	166
   128  0000                     _A15	equ	167
   129  0000                     _A8	equ	160
   130  0000                     _A9	equ	161
   131  0000                     _AC	equ	214
   132  0000                     _ACC0	equ	224
   133  0000                     _ACC1	equ	225
   134  0000                     _ACC2	equ	226
   135  0000                     _ACC3	equ	227
   136  0000                     _ACC4	equ	228
   137  0000                     _ACC5	equ	229
   138  0000                     _ACC6	equ	230
   139  0000                     _ACC7	equ	231
   140  0000                     _AD0	equ	128
   141  0000                     _AD1	equ	129
   142  0000                     _AD2	equ	130
   143  0000                     _AD3	equ	131
   144  0000                     _AD4	equ	132
   145  0000                     _AD5	equ	133
   146  0000                     _AD6	equ	134
   147  0000                     _AD7	equ	135
   148  0000                     _B0	equ	240
   149  0000                     _B1	equ	241
   150  0000                     _B2	equ	242
   151  0000                     _B3	equ	243
   152  0000                     _B4	equ	244
   153  0000                     _B5	equ	245
   154  0000                     _B6	equ	246
   155  0000                     _B7	equ	247
   156  0000                     _CY	equ	215
   157  0000                     _EA	equ	175
   158  0000                     _ES	equ	172
   159  0000                     _ET0	equ	169
   160  0000                     _ET1	equ	171
   161  0000                     _EX0	equ	168
   162  0000                     _EX1	equ	170
   163  0000                     _F0	equ	213
   164  0000                     _IE0	equ	137
   165  0000                     _IE1	equ	139
   166  0000                     _INT0	equ	178
   167  0000                     _INT1	equ	179
   168  0000                     _IT0	equ	136
   169  0000                     _IT1	equ	138
   170  0000                     _OV	equ	210
   171  0000                     _P	equ	208
   172  0000                     _P00	equ	128
   173  0000                     _P01	equ	129
   174  0000                     _P02	equ	130
   175  0000                     _P03	equ	131
   176  0000                     _P04	equ	132
   177  0000                     _P05	equ	133
   178  0000                     _P06	equ	134
   179  0000                     _P07	equ	135
   180  0000                     _P10	equ	144
   181  0000                     _P11	equ	145
   182  0000                     _P12	equ	146
   183  0000                     _P13	equ	147
   184  0000                     _P14	equ	148
   185  0000                     _P15	equ	149
   186  0000                     _P16	equ	150
   187  0000                     _P17	equ	151
   188  0000                     _P20	equ	160
   189  0000                     _P21	equ	161
   190  0000                     _P22	equ	162
   191  0000                     _P23	equ	163
   192  0000                     _P24	equ	164
   193  0000                     _P25	equ	165
   194  0000                     _P26	equ	166
   195  0000                     _P27	equ	167
   196  0000                     _P30	equ	176
   197  0000                     _P31	equ	177
   198  0000                     _P32	equ	178
   199  0000                     _P33	equ	179
   200  0000                     _P34	equ	180
   201  0000                     _P35	equ	181
   202  0000                     _P36	equ	182
   203  0000                     _P37	equ	183
   204  0000                     _PS	equ	188
   205  0000                     _PT0	equ	185
   206  0000                     _PT1	equ	187
   207  0000                     _PX0	equ	184
   208  0000                     _PX1	equ	186
   209  0000                     _RB8	equ	154
   210  0000                     _RD	equ	183
   211  0000                     _REN	equ	156
   212  0000                     _RI	equ	152
   213  0000                     _RS0	equ	211
   214  0000                     _RS1	equ	212
   215  0000                     _RXD	equ	176
   216  0000                     _SM0	equ	159
   217  0000                     _SM1	equ	158
   218  0000                     _SM2	equ	157
   219  0000                     _T0	equ	180
   220  0000                     _T1	equ	181
   221  0000                     _TB8	equ	155
   222  0000                     _TF0	equ	141
   223  0000                     _TF1	equ	143
   224  0000                     _TI	equ	153
   225  0000                     _TR0	equ	140
   226  0000                     _TR1	equ	142
   227  0000                     _TXD	equ	177
   228  0000                     _WR	equ	182
   229  0000                     _ACC	equ	224
   230  0000                     _B	equ	240
   231  0000                     _DPH	equ	131
   232  0000                     _DPL	equ	130
   233  0000                     _IE	equ	168
   234  0000                     _IP	equ	184
   235  0000                     _P0	equ	128
   236  0000                     _P1	equ	144
   237  0000                     _P2	equ	160
   238  0000                     _P3	equ	176
   239  0000                     _PCON	equ	135
   240  0000                     _PSW	equ	208
   241  0000                     _SBUF	equ	153
   242  0000                     _SCON	equ	152
   243  0000                     _SP	equ	129
   244  0000                     _TCON	equ	136
   245  0000                     _TH0	equ	140
   246  0000                     _TH1	equ	141
   247  0000                     _TL0	equ	138
   248  0000                     _TL1	equ	139
   249  0000                     _TMOD	equ	137
   250  0000                     _ACC_BITS	equ	224
   251  0000                     _B_BITS	equ	240
   252  0000                     _IE_BITS	equ	168
   253  0000                     _IP_BITS	equ	184
   254  0000                     _P0_BITS	equ	128
   255  0000                     _P1_BITS	equ	144
   256  0000                     _P2_BITS	equ	160
   257  0000                     _P3_BITS	equ	176
   258  0000                     _PCON_BITS	equ	135
   259  0000                     _PSW_BITS	equ	208
   260  0000                     _SCON_BITS	equ	152
   261  0000                     _TCON_BITS	equ	136
   262  0000                     _TMOD_BITS	equ	137


HI-TECH Software 8051 Macro Assembler V9.60                                Page 2
Symbol Table                                           Wed Jun 04 13:29:48 2025

            _B 000F0              l2 00012              l3 00010  
            l4 00012              l5 00041              _P 000D0  
            l6 0003F              l7 0002F              l8 00041  
            l9 00035             _B0 000F0             _B1 000F1  
           _B2 000F2             _B3 000F3             _B4 000F4  
           _B5 000F5             _B6 000F6             _A8 000A0  
           _B7 000F7             _A9 000A1             _F0 000D5  
           _AC 000D6             l10 00035             l11 0003C  
           _EA 000AF             _P0 00080             _P1 00090  
           _P2 000A0             _P3 000B0             _IE 000A8  
           _T0 000B4             _T1 000B5             _ES 000AC  
           _CY 000D7             _IP 000B8             _RD 000B7  
           u10 0000C             u11 0000A             u20 0003C  
           _RI 00098             u21 0003A             _TI 00099  
           _PS 000BC             _OV 000D2             _SP 00081  
           _WR 000B6         _B_BITS 000F0            _A10 000A2  
          _A11 000A3            _A12 000A4            _A13 000A5  
          _A14 000A6            _A15 000A7            _AD0 00080  
          _AD1 00081            _AD2 00082            _AD3 00083  
          _AD4 00084            _AD5 00085            _AD6 00086  
          _AD7 00087            _ACC 000E0            _P00 00080  
          _P01 00081            _P10 00090            _P02 00082  
          _P11 00091            _P03 00083            _P20 000A0  
          _P12 00092            _P04 00084            _P21 000A1  
          _P13 00093            _P05 00085            _P30 000B0  
          _P22 000A2            _P14 00094            _P06 00086  
          _P31 000B1            _P23 000A3            _P15 00095  
          _P07 00087            _P32 000B2            _P24 000A4  
          _P16 00096            _P33 000B3            _P25 000A5  
          _P17 00097            _P34 000B4            _P26 000A6  
          _P35 000B5            _P27 000A7            _P36 000B6  
          _P37 000B7            _IE0 00089            _IE1 0008B  
          _ET0 000A9            _ET1 000AB            _EX0 000A8  
          _EX1 000AA            _DPH 00083            _DPL 00082  
          _IT0 00088            _IT1 0008A            _RB8 0009A  
          _TF0 0008D            _TB8 0009B            _TF1 0008F  
          _TH0 0008C            _TH1 0008D            _SM0 0009F  
          _SM1 0009E            _TL0 0008A            _SM2 0009D  
          _PT0 000B9            _TL1 0008B            _PT1 000BB  
          _RS0 000D3            _RS1 000D4            _REN 0009C  
          _PX0 000B8            _PX1 000BA            _TR0 0008C  
          _TR1 0008E            _RXD 000B0            _PSW 000D0  
          _TXD 000B1        _P0_BITS 00080        _P1_BITS 00090  
      _P2_BITS 000A0        _P3_BITS 000B0        _IE_BITS 000A8  
     _ACC_BITS 000E0        _IP_BITS 000B8           f1410 00005  
         f1411 00017           f1420 0001F           f1412 00000  
         f1421 00042           f1422 00000           _ACC0 000E0  
         _ACC1 000E1           _ACC2 000E2           _ACC3 000E3  
         _ACC4 000E4           _ACC5 000E5           _ACC6 000E6  
         _ACC7 000E7  stack_internal 00001           _INT0 000B2  
         _INT1 000B3           _PCON 00087           _SCON 00098  
         _SBUF 00099           _TCON 00088           _TMOD 00089  
         _main 0001D       _PSW_BITS 000D0     _interrupt1 00003  
    _PCON_BITS 00087      _SCON_BITS 00098      _TCON_BITS 00088  
    _TMOD_BITS 00089  
